[00:59:47] === 導航交棒 RUN_ID=c0b1_p2_H5 domain=94 ===
[00:59:47] 範圍：真 gmpc_node；/odom 真值；/plan 本地產生（非 nav2）；**CBF 關閉**
[00:59:47] control_frequency=20.0 Hz（dt=0.0500 s）；限制值全部沿用
[00:59:47]   起 sim PID=7096
[00:59:47]   等場景建起（最多 180 s）
[01:00:07]   場景已建起
[room] 零摩擦材質：支撐球 4 + 地面 2 → 綁定 6
[room] 夾持面摩擦 μs=1.0 μd=0.8 → 綁定 7／7
[room] 摩擦核對：
[01:00:07]   起 gmpc PID=8937
[01:00:13]   起 smoother PID=9297
[01:00:13]   起 smlife PID=9301
[01:00:14]   起 diag PID=9414
[01:00:15]   起 glide PID=9498
[01:00:16]   起 wholebody PID=9610
[01:00:19]   起 task PID=9832
[01:00:20] [待命] 提早起求解節點（目標由 /drawer/tcp_target 來；**無安全層**）
[01:00:20]   起 adapter PID=9919
[01:00:20]   起 solver PID=9945
[01:00:20] [任務] 發計畫、監看、備妥時要求轉移
[mission] 計畫已發：93 點，-2.788,-3.182 → -0.136,0.560
[mission] d=0.598 m ⇒ **要求轉給減速交接段**（物理步 3485，窗口 400）
[mission] d=0.587 m  v=+0.2774,-0.0082,+0.0100  → 碼 45 底盤實測速度**超出全身的速度框** —— 導航還沒把速度降進來，此刻換手第一筆命令就會越界
[mission] d=0.239 m  v=+0.0297,-0.0046,+0.0636  → 碼 0 導航交棒條件全部成立
[mission] **備妥 ⇒ 要求在物理步 3630 轉移控制權**；u_prev 來源 nav_applied
[mission] **控制權已轉移給全身** @ step 3632
[mission] 交棒完成；最後閘門 碼 0 導航交棒條件全部成立
[01:00:36] [展開] 等全身端完成展開（最多 120 s）
[wb] **取得控制權** @ sim 36.360 ⇒ 展開；起步位姿 [-0.2762, 0.3666, 1.0949]；暖機底盤來源 nav_applied
[wb] j3 已離開限位至 +0.2567 rad，開始走其餘各軸
[wb] **展開完成** 關節最大差 0.0054 rad、底盤 0.0909 m／+0.02°、實測最小餘裕 +0.9072 rad
[wb] 展開完成 ⇒ **保持交棒**（持續送零速率，等 /wb_vel_cmd 出現第二個發布者，最多 120 s）
[wb] **求解節點已上線**（/wb_vel_cmd 發布者 3）⇒ 交出並結束 @ sim 42.070
[wb] 展開完成
[01:00:41] [任務] 等編排節點走完全部相位（最多 900 s）
[task] 抓取深度：TCP 超過桿心 6.80 mm（設計姿態 FK 給的是 -14.69，不採用）；開到 200 mm（帶 195–205）
[task] 相位 → **ALIGN** @ sim 41.91（底盤 93.0 mm、手臂 0.0188 rad；展開完成、求解節點上線前判定）
[task] 求解節點已上線 @ sim 42.28 ⇒ 恢復推進
[task] 接觸前位姿到達 ⇒ 開始收退讓量
[task] 相位 ALIGN → **ENGAGE_WAIT** @ sim 48.31  開度    0.0 mm  
[task] 到位 0.27 mm ⇒ 閉合手指
[task] MotM 名目姿態：手臂收回 60 mm（IK 殘差 0.000 mm）
[task] **夾持成立** 逐物理步連續 2.020 s；接觸 4.77／4.97 N
[task] 相位 ENGAGE_WAIT → **OPEN** @ sim 52.02  開度    0.1 mm  
[task] 相位 OPEN → **OPEN_HOLD** @ sim 60.06  開度  195.1 mm  
[task] 相位 OPEN_HOLD → **CLOSE** @ sim 62.18  開度  201.0 mm  
[task] 相位 CLOSE → **CLOSE_HOLD** @ sim 70.45  開度    4.4 mm  
[task] 相位 CLOSE_HOLD → **RELEASE_WAIT** @ sim 72.56  開度    0.1 mm  
[task] 相位 RELEASE_WAIT → **RETREAT** @ sim 73.32  開度    0.0 mm  
[task] 相位 RETREAT → **RESTOW** @ sim 75.17  開度    0.0 mm  
[task] 回起點計畫提早發（收臂中）：92 點
[task] 相位 RESTOW → **HANDBACK_WAIT** @ sim 82.08  開度    0.0 mm  
[task] 請求交還導航 @ 物理步 8211
[task] 相位 HANDBACK_WAIT → **NAVIGATE_HOME** @ sim 82.15  開度    0.0 mm  
[task] 相位 NAVIGATE_HOME → **DONE** @ sim 100.52  開度    0.0 mm  
[task] **完成** @ sim 100.52
[task] 結束；最終相位 DONE
[01:01:29] [收尾] 請模擬器受控停止並封存
publisher: beginning loop
publishing #1: std_msgs.msg.String(data='導航交棒與展開已結束，請封存')

[01:01:30]   封存完成 2278772 bytes
[01:01:30] === 結束 rc=0 ===
[01:01:30] cleanup（只針對本趟 PID）
