[16:18:11] === 導航交棒 RUN_ID=grip_bar26_161806 domain=112 ===
[16:18:11] 範圍：真 gmpc_node；/odom 真值；/plan 本地產生（非 nav2）；**CBF 關閉**
[16:18:11] control_frequency=20.0 Hz（dt=0.0500 s）；限制值全部沿用
[16:18:11]   起 sim PID=53405
[16:18:11]   等場景建起（最多 180 s）
[16:18:30]   場景已建起
[room] 零摩擦材質：支撐球 4 + 地面 2 → 綁定 6
[room] 夾持面摩擦 μs=1.0 μd=0.8 → 綁定 7／7
[room] 摩擦核對：
[16:18:30]   起 gmpc PID=67683
[16:18:36]   起 smoother PID=71617
[16:18:36]   起 smlife PID=71621
[16:18:41]   起 diag PID=74586
[16:18:42]   起 glide PID=75302
[16:18:43]   起 wholebody PID=75967
[16:18:46]   起 task PID=77923
[16:18:47] [待命] 提早起求解節點（目標由 /drawer/tcp_target 來；**無安全層**）
[16:18:47]   起 adapter PID=78669
[16:18:47]   起 solver PID=78695
[16:18:47] [任務] 發計畫、監看、備妥時要求轉移
[mission] 計畫已發：93 點，-2.725,-3.108 → -0.136,0.560
[mission] d=0.599 m ⇒ **要求轉給減速交接段**（物理步 3591，窗口 400）
[mission] d=0.572 m  v=+0.2774,-0.0083,+0.0300  → 碼 45 底盤實測速度**超出全身的速度框** —— 導航還沒把速度降進來，此刻換手第一筆命令就會越界
[mission] d=0.190 m  v=+0.0351,-0.0059,+0.0640  → 碼 0 導航交棒條件全部成立
[mission] **備妥 ⇒ 要求在物理步 3752 轉移控制權**；u_prev 來源 nav_applied
[mission] **控制權已轉移給全身** @ step 3754
[mission] 交棒完成；最後閘門 碼 0 導航交棒條件全部成立
[16:19:03] [展開] 等全身端完成展開（最多 120 s）
[wb] **取得控制權** @ sim 37.620 ⇒ 展開；起步位姿 [-0.2514, 0.4104, 1.11]；暖機底盤來源 nav_applied
[wb] j3 已離開限位至 +0.2919 rad，開始走其餘各軸
[wb] **展開完成** 關節最大差 0.0197 rad、底盤 0.0007 m／-0.00°、實測最小餘裕 +0.9055 rad
[wb] 展開完成 ⇒ **保持交棒**（持續送零速率，等 /wb_vel_cmd 出現第二個發布者，最多 120 s）
[wb] **求解節點已上線**（/wb_vel_cmd 發布者 3）⇒ 交出並結束 @ sim 45.180
[wb] 展開完成
[16:19:10] [任務] 等編排節點走完全部相位（最多 900 s）
[task] 抓取深度：TCP 超過桿心 6.80 mm（設計姿態 FK 給的是 -14.69，不採用）；開到 200 mm（帶 195–205）
[task] 相位 → **ALIGN** @ sim 45.20（底盤 0.9 mm、手臂 0.0162 rad；展開完成、求解節點上線前判定）
[task] 求解節點已上線 @ sim 45.69 ⇒ 恢復推進
[task] 接觸前位姿到達 ⇒ 開始收退讓量
[task] 相位 ALIGN → **ENGAGE_WAIT** @ sim 52.12  開度    0.0 mm  
[task] 到位 0.07 mm ⇒ 閉合手指
[task] **夾持成立** 逐物理步連續 2.230 s；接觸 5.28／4.49 N
[task] 相位 ENGAGE_WAIT → **OPEN** @ sim 56.59  開度    0.0 mm  
[task] 相位 OPEN → **OPEN_HOLD** @ sim 67.52  開度  199.9 mm  
[task] 相位 OPEN_HOLD → **CLOSE** @ sim 69.76  開度  200.2 mm  
[task] 相位 CLOSE → **CLOSE_HOLD** @ sim 80.96  開度    2.2 mm  
[task] 相位 CLOSE_HOLD → **RELEASE_WAIT** @ sim 83.16  開度    0.2 mm  
[task] 相位 RELEASE_WAIT → **RETREAT** @ sim 84.46  開度    0.1 mm  
[task] 相位 RETREAT → **RESTOW** @ sim 85.38  開度    0.1 mm  
[task] 相位 RESTOW → **HANDBACK_WAIT** @ sim 96.32  開度    0.1 mm  
[task] 請求交還導航 @ 物理步 9610
[task] 相位 HANDBACK_WAIT → **NAVIGATE_HOME** @ sim 96.39  開度    0.1 mm  
[task] 回起點計畫已發：92 點
[task] 相位 NAVIGATE_HOME → **DONE** @ sim 115.42  開度    0.1 mm  
[task] **完成** @ sim 115.42
[task] 結束；最終相位 DONE
[16:20:10] [收尾] 請模擬器受控停止並封存
Waiting for at least 1 matching subscription(s)...
publisher: beginning loop
publishing #1: std_msgs.msg.String(data='導航交棒與展開已結束，請封存')

[16:20:12]   封存完成 2541017 bytes
[16:20:12] === 結束 rc=0 ===
[16:20:12] cleanup（只針對本趟 PID）
