[03:03:31] === 導航交棒 RUN_ID=c1a_b1_04_T150_H5 domain=94 ===
[03:03:31] 範圍：真 gmpc_node；/odom 真值；/plan 本地產生（非 nav2）；**CBF 關閉**
[03:03:31] control_frequency=20.0 Hz（dt=0.0500 s）；限制值全部沿用
[03:03:31]   起 sim PID=130838
[03:03:31]   等場景建起（最多 180 s）
[03:03:40]   場景已建起
[room] 零摩擦材質：支撐球 4 + 地面 2 → 綁定 6
[room] 夾持面摩擦 μs=1.0 μd=0.8 → 綁定 7／7
[room] 摩擦核對：
[03:03:40]   起 gmpc PID=131988
[03:03:46]   起 smoother PID=132335
[03:03:46]   起 smlife PID=132339
[03:03:47]   起 diag PID=132432
[03:03:48]   起 glide PID=132519
[03:03:49]   起 wholebody PID=132607
[03:03:52]   起 task PID=132834
[03:03:53] [待命] 提早起求解節點（目標由 /drawer/tcp_target 來；**無安全層**）
[03:03:53]   起 adapter PID=132924
[03:03:53]   起 solver PID=132950
[03:03:53] [任務] 發計畫、監看、備妥時要求轉移
[mission] 計畫已發：93 點，-2.636,-2.981 → -0.136,0.560
[mission] d=0.594 m ⇒ **要求轉給減速交接段**（物理步 3571，窗口 400）
[mission] d=0.556 m  v=+0.2774,-0.0082,+0.0100  → 碼 45 底盤實測速度**超出全身的速度框** —— 導航還沒把速度降進來，此刻換手第一筆命令就會越界
[mission] d=0.237 m  v=+0.0297,-0.0044,+0.0661  → 碼 0 導航交棒條件全部成立
[mission] **備妥 ⇒ 要求在物理步 3716 轉移控制權**；u_prev 來源 nav_applied
[mission] **控制權已轉移給全身** @ step 3718
[mission] 交棒完成；最後閘門 碼 0 導航交棒條件全部成立
[03:04:06] [展開] 等全身端完成展開（最多 120 s）
[wb] **取得控制權** @ sim 37.180 ⇒ 展開；起步位姿 [-0.2757, 0.3675, 1.086]；暖機底盤來源 nav_applied
[wb] j3 已離開限位至 +0.2548 rad，開始走其餘各軸
[wb] **展開完成** 關節最大差 0.0044 rad、底盤 0.0902 m／+0.02°、實測最小餘裕 +0.9072 rad
[wb] 展開完成 ⇒ **保持交棒**（持續送零速率，等 /wb_vel_cmd 出現第二個發布者，最多 120 s）
[wb] **求解節點已上線**（/wb_vel_cmd 發布者 3）⇒ 交出並結束 @ sim 42.900
[wb] 展開完成
[03:04:11] [任務] 等編排節點走完全部相位（最多 900 s）
[task] 抓取深度：TCP 超過桿心 6.80 mm（設計姿態 FK 給的是 -14.69，不採用）；開到 150 mm（帶 145–155）
[task] 相位 → **ALIGN** @ sim 42.73（底盤 92.3 mm、手臂 0.0107 rad；展開完成、求解節點上線前判定）
[task] 求解節點已上線 @ sim 43.04 ⇒ 恢復推進
[task] 接觸前位姿到達 ⇒ 開始收退讓量
[task] 相位 ALIGN → **ENGAGE_WAIT** @ sim 50.08  開度    0.0 mm  
[task] 到位 0.25 mm ⇒ 閉合手指
[task] MotM 名目姿態：手臂收回 60 mm（IK 殘差 0.000 mm）
[task] **夾持成立** 逐物理步連續 2.050 s；接觸 5.04／4.70 N
[task] 相位 ENGAGE_WAIT → **OPEN** @ sim 53.91  開度    0.1 mm  
[task] 相位 OPEN → **OPEN_HOLD** @ sim 60.35  開度  146.0 mm  
[task] 相位 OPEN_HOLD → **CLOSE** @ sim 62.48  開度  151.6 mm  
[task] 相位 CLOSE → **CLOSE_HOLD** @ sim 69.00  開度    4.1 mm  
[task] 相位 CLOSE_HOLD → **RELEASE_WAIT** @ sim 71.10  開度    0.0 mm  
[task] 相位 RELEASE_WAIT → **RETREAT** @ sim 71.87  開度    0.0 mm  
[task] 相位 RETREAT → **RESTOW** @ sim 73.99  開度    0.0 mm  
[task] 回起點計畫提早發（收臂中）：92 點
[task] 相位 RESTOW → **HANDBACK_WAIT** @ sim 80.68  開度    0.0 mm  
[task] 請求交還導航 @ 物理步 8070
[task] 相位 HANDBACK_WAIT → **NAVIGATE_HOME** @ sim 80.76  開度    0.0 mm  
[task] 相位 NAVIGATE_HOME → **DONE** @ sim 99.17  開度    0.0 mm  
[task] **完成** @ sim 99.17
[task] 結束；最終相位 DONE
[03:04:53] [收尾] 請模擬器受控停止並封存
publisher: beginning loop
publishing #1: std_msgs.msg.String(data='導航交棒與展開已結束，請封存')

[03:04:54]   封存完成 2352586 bytes
[03:04:54] === 結束 rc=0 ===
[03:04:55] cleanup（只針對本趟 PID）
