[18:22:55] === 導航交棒 RUN_ID=motm_182255 domain=112 ===
[18:22:55] 範圍：真 gmpc_node；/odom 真值；/plan 本地產生（非 nav2）；**CBF 關閉**
[18:22:55] control_frequency=20.0 Hz（dt=0.0500 s）；限制值全部沿用
[18:22:55]   起 sim PID=708624
[18:22:55]   等場景建起（最多 180 s）
[18:23:05]   場景已建起
[room] 零摩擦材質：支撐球 4 + 地面 2 → 綁定 6
[room] 夾持面摩擦 μs=1.0 μd=0.8 → 綁定 7／7
[room] 摩擦核對：
[18:23:05]   起 gmpc PID=711411
[18:23:11]   起 smoother PID=715008
[18:23:11]   起 smlife PID=715048
[18:23:12]   起 diag PID=715676
[18:23:13]   起 glide PID=716268
[18:23:14]   起 wholebody PID=716870
[18:23:17]   起 task PID=718674
[18:23:18] [待命] 提早起求解節點（目標由 /drawer/tcp_target 來；**無安全層**）
[18:23:18]   起 adapter PID=719265
[18:23:18]   起 solver PID=719293
[18:23:18] [任務] 發計畫、監看、備妥時要求轉移
[mission] 計畫已發：93 點，-2.795,-3.192 → -0.136,0.560
[mission] d=0.596 m ⇒ **要求轉給減速交接段**（物理步 3205，窗口 400）
[mission] d=0.557 m  v=+0.2774,-0.0083,+0.0300  → 碼 45 底盤實測速度**超出全身的速度框** —— 導航還沒把速度降進來，此刻換手第一筆命令就會越界
[mission] d=0.179 m  v=+0.0341,-0.0060,+0.0639  → 碼 0 導航交棒條件全部成立
[mission] **備妥 ⇒ 要求在物理步 3368 轉移控制權**；u_prev 來源 nav_applied
[mission] **控制權已轉移給全身** @ step 3372
[mission] 交棒完成；最後閘門 碼 0 導航交棒條件全部成立
[18:23:33] [展開] 等全身端完成展開（最多 120 s）
[wb] **取得控制權** @ sim 33.720 ⇒ 展開；起步位姿 [-0.247, 0.4182, 1.104]；暖機底盤來源 nav_applied
[wb] j3 已離開限位至 +0.2629 rad，開始走其餘各軸
[wb] **展開完成** 關節最大差 0.0136 rad、底盤 0.0262 m／-0.00°、實測最小餘裕 +0.9057 rad
[wb] 展開完成 ⇒ **保持交棒**（持續送零速率，等 /wb_vel_cmd 出現第二個發布者，最多 120 s）
[wb] **求解節點已上線**（/wb_vel_cmd 發布者 3）⇒ 交出並結束 @ sim 41.370
[wb] 展開完成
[18:23:40] [任務] 等編排節點走完全部相位（最多 900 s）
[task] 抓取深度：TCP 超過桿心 6.80 mm（設計姿態 FK 給的是 -14.69，不採用）；開到 200 mm（帶 195–205）
[task] 相位 → **ALIGN** @ sim 40.57（底盤 34.5 mm、手臂 0.0185 rad；展開完成、求解節點上線前判定）
[task] 求解節點已上線 @ sim 41.52 ⇒ 恢復推進
[task] 接觸前位姿到達 ⇒ 開始收退讓量
[task] 相位 ALIGN → **ENGAGE_WAIT** @ sim 46.60  開度    0.0 mm  
[task] 到位 0.26 mm ⇒ 閉合手指
[task] MotM 名目姿態：手臂收回 60 mm（IK 殘差 0.000 mm）
[task] **夾持成立** 逐物理步連續 2.100 s；接觸 5.15／4.58 N
[task] 相位 ENGAGE_WAIT → **OPEN** @ sim 50.39  開度    0.1 mm  
[task] 相位 OPEN → **OPEN_HOLD** @ sim 58.04  開度  196.9 mm  
[task] 相位 OPEN_HOLD → **CLOSE** @ sim 60.19  開度  200.9 mm  
[task] 相位 CLOSE → **CLOSE_HOLD** @ sim 67.78  開度    3.4 mm  
[task] 相位 CLOSE_HOLD → **RELEASE_WAIT** @ sim 70.16  開度    0.2 mm  
[task] 相位 RELEASE_WAIT → **RETREAT** @ sim 70.95  開度    0.3 mm  
[task] 相位 RETREAT → **RESTOW** @ sim 72.82  開度    0.3 mm  
[task] 回起點計畫提早發（收臂中）：92 點
[task] 相位 RESTOW → **HANDBACK_WAIT** @ sim 79.59  開度    0.3 mm  
[task] 請求交還導航 @ 物理步 7962
[task] 相位 HANDBACK_WAIT → **NAVIGATE_HOME** @ sim 79.67  開度    0.3 mm  
[task] 相位 NAVIGATE_HOME → **DONE** @ sim 98.10  開度    0.3 mm  
[task] **完成** @ sim 98.10
[task] 結束；最終相位 DONE
[18:24:30] [收尾] 請模擬器受控停止並封存
publisher: beginning loop
publishing #1: std_msgs.msg.String(data='導航交棒與展開已結束，請封存')

[18:24:31]   封存完成 1516405 bytes
[18:24:31] === 結束 rc=0 ===
[18:24:31] cleanup（只針對本趟 PID）
