[19:32:21] === 導航交棒 RUN_ID=b6_motm2_193221 domain=112 ===
[19:32:21] 範圍：真 gmpc_node；/odom 真值；/plan 本地產生（非 nav2）；**CBF 關閉**
[19:32:21] control_frequency=20.0 Hz（dt=0.0500 s）；限制值全部沿用
[19:32:21]   起 sim PID=2012933
[19:32:21]   等場景建起（最多 180 s）
[19:32:30]   場景已建起
[room] 零摩擦材質：支撐球 4 + 地面 2 → 綁定 6
[room] 夾持面摩擦 μs=1.0 μd=0.8 → 綁定 7／7
[room] 摩擦核對：
[19:32:30]   起 gmpc PID=2018914
[19:32:36]   起 smoother PID=2022510
[19:32:36]   起 smlife PID=2022518
[19:32:37]   起 diag PID=2023157
[19:32:38]   起 glide PID=2023762
[19:32:39]   起 wholebody PID=2024388
[19:32:42]   起 task PID=2026171
[19:32:43] [待命] 提早起求解節點（目標由 /drawer/tcp_target 來；**無安全層**）
[19:32:43]   起 adapter PID=2026771
[19:32:43]   起 solver PID=2026799
[19:32:43] [任務] 發計畫、監看、備妥時要求轉移
[mission] 計畫已發：93 點，-2.800,-3.199 → -0.136,0.560
[mission] d=0.596 m ⇒ **要求轉給減速交接段**（物理步 3177，窗口 400）
[mission] d=0.563 m  v=+0.2774,-0.0082,+0.0100  → 碼 45 底盤實測速度**超出全身的速度框** —— 導航還沒把速度降進來，此刻換手第一筆命令就會越界
[mission] d=0.239 m  v=+0.0310,-0.0044,+0.0649  → 碼 0 導航交棒條件全部成立
[mission] **備妥 ⇒ 要求在物理步 3322 轉移控制權**；u_prev 來源 nav_applied
[mission] **控制權已轉移給全身** @ step 3324
[mission] 交棒完成；最後閘門 碼 0 導航交棒條件全部成立
[19:33:00] [展開] 等全身端完成展開（最多 120 s）
[wb] **取得控制權** @ sim 33.230 ⇒ 展開；起步位姿 [-0.2768, 0.3653, 1.0871]；暖機底盤來源 nav_applied
[wb] j3 已離開限位至 +0.2520 rad，開始走其餘各軸
[wb] **展開完成** 關節最大差 0.0134 rad、底盤 0.0961 m／+0.03°、實測最小餘裕 +0.9072 rad
[wb] 展開完成 ⇒ **保持交棒**（持續送零速率，等 /wb_vel_cmd 出現第二個發布者，最多 120 s）
[wb] **求解節點已上線**（/wb_vel_cmd 發布者 3）⇒ 交出並結束 @ sim 38.750
[wb] 展開完成
[19:33:05] [任務] 等編排節點走完全部相位（最多 900 s）
[task] 抓取深度：TCP 超過桿心 6.80 mm（設計姿態 FK 給的是 -14.69，不採用）；開到 200 mm（帶 195–205）
[task] 相位 → **ALIGN** @ sim 38.68（底盤 96.1 mm、手臂 0.0172 rad；展開完成、求解節點上線前判定）
[task] 求解節點已上線 @ sim 38.89 ⇒ 恢復推進
[task] 接觸前位姿到達 ⇒ 開始收退讓量
[task] 相位 ALIGN → **ENGAGE_WAIT** @ sim 45.25  開度    0.0 mm  
[task] 到位 0.24 mm ⇒ 閉合手指
[task] MotM 名目姿態：手臂收回 60 mm（IK 殘差 0.000 mm）
[task] **夾持成立** 逐物理步連續 2.030 s；接觸 5.00／4.65 N
[task] 相位 ENGAGE_WAIT → **OPEN** @ sim 49.03  開度    0.2 mm  
[task] 相位 OPEN → **OPEN_HOLD** @ sim 56.28  開度  196.7 mm  
[task] 相位 OPEN_HOLD → **CLOSE** @ sim 58.39  開度  200.9 mm  
[task] 相位 CLOSE → **CLOSE_HOLD** @ sim 65.50  開度    4.0 mm  
[task] 相位 CLOSE_HOLD → **RELEASE_WAIT** @ sim 67.60  開度   -0.0 mm  
[task] 相位 RELEASE_WAIT → **RETREAT** @ sim 68.31  開度    0.0 mm  
[task] 相位 RETREAT → **RESTOW** @ sim 70.12  開度    0.0 mm  
[task] 回起點計畫提早發（收臂中）：92 點
[task] 相位 RESTOW → **HANDBACK_WAIT** @ sim 77.18  開度    0.0 mm  
[task] 請求交還導航 @ 物理步 7721
[task] 相位 HANDBACK_WAIT → **NAVIGATE_HOME** @ sim 77.25  開度    0.0 mm  
[task] 相位 NAVIGATE_HOME → **DONE** @ sim 95.63  開度    0.0 mm  
[task] **完成** @ sim 95.63
[task] 結束；最終相位 DONE
[19:33:58] [收尾] 請模擬器受控停止並封存
publisher: beginning loop
publishing #1: std_msgs.msg.String(data='導航交棒與展開已結束，請封存')

[19:33:59]   封存完成 2655748 bytes
[19:33:59] === 結束 rc=0 ===
[19:33:59] cleanup（只針對本趟 PID）
