[01:01:39] === 導航交棒 RUN_ID=c0b1_p2_H1 domain=94 ===
[01:01:39] 範圍：真 gmpc_node；/odom 真值；/plan 本地產生（非 nav2）；**CBF 關閉**
[01:01:39] control_frequency=20.0 Hz（dt=0.0500 s）；限制值全部沿用
[01:01:39]   起 sim PID=15621
[01:01:39]   等場景建起（最多 180 s）
[01:01:48]   場景已建起
[room] 零摩擦材質：支撐球 4 + 地面 2 → 綁定 6
[room] 夾持面摩擦 μs=1.0 μd=0.8 → 綁定 7／7
[room] 摩擦核對：
[01:01:48]   起 gmpc PID=16590
[01:01:54]   起 smoother PID=17062
[01:01:54]   起 smlife PID=17066
[01:01:55]   起 diag PID=17177
[01:01:56]   起 glide PID=17287
[01:01:57]   起 wholebody PID=17373
[01:02:00]   起 task PID=17569
[01:02:01] [待命] 提早起求解節點（目標由 /drawer/tcp_target 來；**無安全層**）
[01:02:01]   起 adapter PID=17657
[01:02:01]   起 solver PID=17684
[01:02:01] [任務] 發計畫、監看、備妥時要求轉移
[mission] 計畫已發：93 點，-2.720,-3.107 → -0.136,0.560
[mission] d=0.599 m ⇒ **要求轉給減速交接段**（物理步 3679，窗口 400）
[mission] d=0.571 m  v=+0.2774,-0.0082,+0.0100  → 碼 45 底盤實測速度**超出全身的速度框** —— 導航還沒把速度降進來，此刻換手第一筆命令就會越界
[mission] d=0.238 m  v=+0.0297,-0.0047,+0.0633  → 碼 0 導航交棒條件全部成立
[mission] **備妥 ⇒ 要求在物理步 3828 轉移控制權**；u_prev 來源 nav_applied
[mission] **控制權已轉移給全身** @ step 3830
[mission] 交棒完成；最後閘門 碼 0 導航交棒條件全部成立
[01:02:16] [展開] 等全身端完成展開（最多 120 s）
[wb] **取得控制權** @ sim 38.350 ⇒ 展開；起步位姿 [-0.2756, 0.3674, 1.0936]；暖機底盤來源 nav_applied
[wb] j3 已離開限位至 +0.2544 rad，開始走其餘各軸
[wb] **展開完成** 關節最大差 0.0154 rad、底盤 0.0940 m／+0.03°、實測最小餘裕 +0.9072 rad
[wb] 展開完成 ⇒ **保持交棒**（持續送零速率，等 /wb_vel_cmd 出現第二個發布者，最多 120 s）
[wb] **求解節點已上線**（/wb_vel_cmd 發布者 3）⇒ 交出並結束 @ sim 43.880
[wb] 展開完成
[01:02:21] [任務] 等編排節點走完全部相位（最多 900 s）
[task] 抓取深度：TCP 超過桿心 6.80 mm（設計姿態 FK 給的是 -14.69，不採用）；開到 200 mm（帶 195–205）
[task] 相位 → **ALIGN** @ sim 43.82（底盤 93.6 mm、手臂 0.0177 rad；展開完成、求解節點上線前判定）
[task] 求解節點已上線 @ sim 44.05 ⇒ 恢復推進
[task] 接觸前位姿到達 ⇒ 開始收退讓量
[task] 相位 ALIGN → **ENGAGE_WAIT** @ sim 52.11  開度    0.0 mm  
[task] 到位 1.76 mm ⇒ 閉合手指
[task] MotM 名目姿態：手臂收回 60 mm（IK 殘差 0.000 mm）
[task] **夾持成立** 逐物理步連續 2.030 s；接觸 4.09／5.51 N
[task] 相位 ENGAGE_WAIT → **OPEN** @ sim 59.21  開度    0.3 mm  
[task] 相位 OPEN → **OPEN_HOLD** @ sim 69.11  開度  195.2 mm  
[task] 相位 OPEN_HOLD → **CLOSE** @ sim 71.21  開度  198.1 mm  
[task] 相位 CLOSE → **CLOSE_HOLD** @ sim 80.32  開度    4.2 mm  
[task] 相位 CLOSE_HOLD → **RELEASE_WAIT** @ sim 82.41  開度   -0.0 mm  
[task] 相位 RELEASE_WAIT → **RETREAT** @ sim 83.20  開度   -0.0 mm  
[task] 相位 RETREAT → **RESTOW** @ sim 85.42  開度   -0.0 mm  
[task] 回起點計畫提早發（收臂中）：92 點
[task] 相位 RESTOW → **HANDBACK_WAIT** @ sim 92.64  開度   -0.0 mm  
[task] 請求交還導航 @ 物理步 9267
[task] 相位 HANDBACK_WAIT → **NAVIGATE_HOME** @ sim 92.72  開度   -0.0 mm  
[task] 相位 NAVIGATE_HOME → **DONE** @ sim 111.08  開度   -0.0 mm  
[task] **完成** @ sim 111.08
[task] 結束；最終相位 DONE
[01:03:12] [收尾] 請模擬器受控停止並封存
Waiting for at least 1 matching subscription(s)...
Waiting for at least 1 matching subscription(s)...
publisher: beginning loop
publishing #1: std_msgs.msg.String(data='導航交棒與展開已結束，請封存')

[01:03:15]   封存完成 2180393 bytes
[01:03:15] === 結束 rc=0 ===
[01:03:15] cleanup（只針對本趟 PID）
