[12:49:29] === 導航交棒 RUN_ID=ph_func_H domain=94 ===
[12:49:29] 範圍：真 gmpc_node；/odom 真值；/plan 本地產生（非 nav2）；**CBF 關閉**
[12:49:29] control_frequency=20.0 Hz（dt=0.0500 s）；限制值全部沿用
[12:49:29]   **PARK_HOLD**：停車伺服保持
[12:49:29]   起 sim PID=660035
[12:49:29]   等場景建起（最多 180 s）
[12:49:39]   場景已建起
[room] 零摩擦材質：支撐球 4 + 地面 2 → 綁定 6
[room] 夾持面摩擦 μs=1.0 μd=0.8 → 綁定 7／7
[room] 摩擦核對：
[12:49:39]   起 gmpc PID=661345
[12:49:45]   起 smoother PID=661724
[12:49:45]   起 smlife PID=661728
[12:49:46]   起 diag PID=661820
[12:49:47]   起 glide PID=662070
[12:49:48]   起 wholebody PID=662158
[12:49:51]   起 task PID=662384
[12:49:52] [待命] 提早起求解節點（目標由 /drawer/tcp_target 來；**無安全層**）
[12:49:52]   起 adapter PID=662476
[12:49:52]   起 solver PID=662504
[12:49:52] [任務] 發計畫、監看、備妥時要求轉移
[mission] 計畫已發：93 點，-2.789,-3.182 → -0.136,0.560
[mission] d=0.599 m ⇒ **要求轉給減速交接段**（物理步 3443，窗口 400）
[mission] d=0.560 m  v=+0.2849,-0.0093,+0.0100  → 碼 45 底盤實測速度**超出全身的速度框** —— 導航還沒把速度降進來，此刻換手第一筆命令就會越界
[mission] d=0.032 m  v=+0.0334,-0.0076,+0.0412  → 碼 0 導航交棒條件全部成立
[mission] **備妥 ⇒ 要求在物理步 4750 轉移控制權**；u_prev 來源 nav_applied
[mission] **控制權已轉移給全身** @ step 4768
[mission] 交棒完成；最後閘門 碼 0 導航交棒條件全部成立
[12:50:14] [展開] 等全身端完成展開（最多 120 s）
[wb] **取得控制權** @ sim 47.810 ⇒ 展開；起步位姿 [-0.1365, 0.5601, 1.2931]；暖機底盤來源 park_hold_servo
[wb] j3 已離開限位至 +0.2563 rad，開始走其餘各軸
[wb] **展開完成** 關節最大差 0.0059 rad、底盤 0.0002 m／+0.25°、實測最小餘裕 +0.9072 rad
[wb] 展開完成 ⇒ **保持交棒**（持續送零速率，等 /wb_vel_cmd 出現第二個發布者，最多 120 s）
[wb] **求解節點已上線**（/wb_vel_cmd 發布者 3）⇒ 交出並結束 @ sim 53.330
[wb] 展開完成
[12:50:19] [任務] 等編排節點走完全部相位（最多 900 s）
[task] 抓取深度：TCP 超過桿心 6.80 mm（設計姿態 FK 給的是 -14.69，不採用）；開到 200 mm（帶 195–205）
[task] 相位 → **ALIGN** @ sim 53.12（底盤 0.2 mm、手臂 0.0182 rad；展開完成、求解節點上線前判定）
[task] 求解節點已上線 @ sim 53.48 ⇒ 恢復推進
[task] 接觸前位姿到達 ⇒ 開始收退讓量
[task] 相位 ALIGN → **ENGAGE_WAIT** @ sim 57.46  開度    0.0 mm  
[task] 到位 0.55 mm ⇒ 閉合手指
[task] **夾持成立** 逐物理步連續 2.050 s；接觸 5.31／4.43 N
[task] 相位 ENGAGE_WAIT → **OPEN** @ sim 61.48  開度    0.2 mm  
[task] 相位 OPEN → **OPEN_HOLD** @ sim 71.46  開度  196.0 mm  
[task] **中止：park_fixed_violation：v_lin 0.001349 > 0.001** @ sim 71.52999840117991 相位 OPEN_HOLD
[task] 結束；最終相位 OPEN_HOLD；中止 park_fixed_violation：v_lin 0.001349 > 0.001
[12:50:33] [收尾] 等求解節點停止並封存（最多 30 s）
[12:50:33]   求解節點已停止並寫出 align_solver.json
[12:50:33] [收尾] 停止後保留物理 3 s（牆鐘）供核對執行端減速
[12:50:36] [收尾] 請模擬器受控停止並封存
Waiting for at least 1 matching subscription(s)...
publisher: beginning loop
publishing #1: std_msgs.msg.String(data='導航交棒與展開已結束，請封存')

[12:50:38]   封存完成 2106768 bytes
[12:50:38] === 結束 rc=0 ===
[12:50:38] cleanup（只針對本趟 PID）
