[13:06:58] === 導航交棒 RUN_ID=ph21_func_H domain=94 ===
[13:06:58] 範圍：真 gmpc_node；/odom 真值；/plan 本地產生（非 nav2）；**CBF 關閉**
[13:06:58] control_frequency=20.0 Hz（dt=0.0500 s）；限制值全部沿用
[13:06:58]   **PARK_HOLD**：停車伺服保持
[13:06:58]   起 sim PID=690990
[13:06:58]   等場景建起（最多 180 s）
[13:07:07]   場景已建起
[room] 零摩擦材質：支撐球 4 + 地面 2 → 綁定 6
[room] 夾持面摩擦 μs=1.0 μd=0.8 → 綁定 7／7
[room] 摩擦核對：
[13:07:07]   起 gmpc PID=691965
[13:07:13]   起 smoother PID=692586
[13:07:13]   起 smlife PID=692590
[13:07:14]   起 diag PID=692728
[13:07:15]   起 glide PID=692815
[13:07:16]   起 wholebody PID=692903
[13:07:19]   起 task PID=693136
[13:07:20] [待命] 提早起求解節點（目標由 /drawer/tcp_target 來；**無安全層**）
[13:07:20]   起 adapter PID=693253
[13:07:20]   起 solver PID=693283
[13:07:20] [任務] 發計畫、監看、備妥時要求轉移
[mission] 計畫已發：93 點，-2.800,-3.199 → -0.136,0.560
[mission] d=0.595 m ⇒ **要求轉給減速交接段**（物理步 3443，窗口 400）
[mission] d=0.579 m  v=+0.2849,-0.0093,+0.0100  → 碼 45 底盤實測速度**超出全身的速度框** —— 導航還沒把速度降進來，此刻換手第一筆命令就會越界
[mission] d=0.033 m  v=+0.0341,-0.0078,+0.0406  → 碼 0 導航交棒條件全部成立
[mission] **備妥 ⇒ 要求在物理步 4741 轉移控制權**；u_prev 來源 nav_applied
[mission] **控制權已轉移給全身** @ step 4744
[mission] 交棒完成；最後閘門 碼 0 導航交棒條件全部成立
[13:07:43] [展開] 等全身端完成展開（最多 120 s）
[wb] **取得控制權** @ sim 47.590 ⇒ 展開；起步位姿 [-0.1365, 0.5601, 1.293]；暖機底盤來源 park_hold_servo
[wb] j3 已離開限位至 +0.2621 rad，開始走其餘各軸
[wb] **展開完成** 關節最大差 0.0192 rad、底盤 0.0002 m／+0.26°、實測最小餘裕 +0.9072 rad
[wb] 展開完成 ⇒ **保持交棒**（持續送零速率，等 /wb_vel_cmd 出現第二個發布者，最多 120 s）
[wb] **求解節點已上線**（/wb_vel_cmd 發布者 3）⇒ 交出並結束 @ sim 53.120
[wb] 展開完成
[13:07:48] [任務] 等編排節點走完全部相位（最多 900 s）
[task] 抓取深度：TCP 超過桿心 6.80 mm（設計姿態 FK 給的是 -14.69，不採用）；開到 200 mm（帶 195–205）
[task] 相位 → **ALIGN** @ sim 53.14（底盤 0.2 mm、手臂 0.0112 rad；展開完成、求解節點上線前判定）
[task] 求解節點已上線 @ sim 53.26 ⇒ 恢復推進
[task] 接觸前位姿到達 ⇒ 開始收退讓量
[task] 相位 ALIGN → **ENGAGE_WAIT** @ sim 57.10  開度    0.0 mm  
[task] 到位 0.58 mm ⇒ 閉合手指
[task] **夾持成立** 逐物理步連續 2.060 s；接觸 5.18／4.55 N
[task] 相位 ENGAGE_WAIT → **OPEN** @ sim 61.10  開度    0.1 mm  
[task] 相位 OPEN → **OPEN_HOLD** @ sim 71.16  開度  196.1 mm  
[task] 相位 OPEN_HOLD → **CLOSE** @ sim 73.25  開度  200.1 mm  
[task] 相位 CLOSE → **CLOSE_HOLD** @ sim 83.71  開度    4.6 mm  
[task] 相位 CLOSE_HOLD → **RELEASE_WAIT** @ sim 85.86  開度    0.2 mm  
[task] 相位 RELEASE_WAIT → **RETREAT** @ sim 86.62  開度    0.2 mm  
[task] 相位 RETREAT → **RESTOW** @ sim 87.41  開度    0.2 mm  
[task] 相位 RESTOW → **HANDBACK_WAIT** @ sim 93.64  開度    0.2 mm  
[task] 請求交還導航 @ 物理步 9367
[task] 相位 HANDBACK_WAIT → **NAVIGATE_HOME** @ sim 93.72  開度    0.2 mm  
[task] 回起點計畫已發：93 點
[task] 相位 NAVIGATE_HOME → **DONE** @ sim 112.59  開度    0.2 mm  
[task] **完成** @ sim 112.59
[task] 結束；最終相位 DONE
[13:08:34] [收尾] 等求解節點停止並封存（最多 30 s）
[13:08:34]   求解節點已停止並寫出 align_solver.json
[13:08:34] [收尾] 停止後保留物理 3 s（牆鐘）供核對執行端減速
[13:08:37] [收尾] 請模擬器受控停止並封存
publisher: beginning loop
publishing #1: std_msgs.msg.String(data='導航交棒與展開已結束，請封存')

[13:08:38]   封存完成 2237817 bytes
[13:08:38] === 結束 rc=0 ===
[13:08:38] cleanup（只針對本趟 PID）
