torch 2.11.0+cu128  cuda=True NVIDIA GeForce RTX 4060 Laptop GPU
Using cuda device
Logging to rl_smoothness/runs/sac_b0/tb/SAC_1
---------------------------------
| rollout/           |          |
|    ep_len_mean     | 400      |
|    ep_rew_mean     | 21.7     |
| time/              |          |
|    episodes        | 4        |
|    fps             | 183      |
|    time_elapsed    | 8        |
|    total_timesteps | 1600     |
---------------------------------
---------------------------------
| rollout/           |          |
|    ep_len_mean     | 400      |
|    ep_rew_mean     | 33.5     |
| time/              |          |
|    episodes        | 8        |
|    fps             | 223      |
|    time_elapsed    | 14       |
|    total_timesteps | 3200     |
---------------------------------
---------------------------------
| rollout/           |          |
|    ep_len_mean     | 399      |
|    ep_rew_mean     | 37.3     |
| time/              |          |
|    episodes        | 12       |
|    fps             | 222      |
|    time_elapsed    | 21       |
|    total_timesteps | 4800     |
---------------------------------
---------------------------------
| rollout/           |          |
|    ep_len_mean     | 399      |
|    ep_rew_mean     | 38.6     |
| time/              |          |
|    episodes        | 16       |
|    fps             | 202      |
|    time_elapsed    | 31       |
|    total_timesteps | 6400     |
| train/             |          |
|    actor_loss      | -6.06    |
|    critic_loss     | 0.0556   |
|    ent_coef        | 0.901    |
|    ent_coef_loss   | -0.529   |
|    learning_rate   | 0.0003   |
|    n_updates       | 349      |
---------------------------------
---------------------------------
| rollout/           |          |
|    ep_len_mean     | 400      |
|    ep_rew_mean     | 41       |
| time/              |          |
|    episodes        | 20       |
|    fps             | 206      |
|    time_elapsed    | 38       |
|    total_timesteps | 8000     |
| train/             |          |
|    actor_loss      | -8.68    |
|    critic_loss     | 0.0283   |
|    ent_coef        | 0.799    |
|    ent_coef_loss   | -1.13    |
|    learning_rate   | 0.0003   |
|    n_updates       | 749      |
---------------------------------
---------------------------------
| rollout/           |          |
|    ep_len_mean     | 400      |
|    ep_rew_mean     | 41.3     |
| time/              |          |
|    episodes        | 24       |
|    fps             | 203      |
|    time_elapsed    | 47       |
|    total_timesteps | 9600     |
| train/             |          |
|    actor_loss      | -11.2    |
|    critic_loss     | 0.0348   |
|    ent_coef        | 0.709    |
|    ent_coef_loss   | -1.73    |
|    learning_rate   | 0.0003   |
|    n_updates       | 1149     |
---------------------------------
