torch 2.11.0+cu128  cuda=True NVIDIA GeForce RTX 4060 Laptop GPU
Using cuda device
Logging to rl_smoothness/runs/sac_v2/tb/SAC_1
----------------------------------
| rollout/            |          |
|    ep_len_mean      | 399      |
|    ep_rew_mean      | 3.82     |
| shaping/            |          |
|    cbf_interv_mean  | 7.29e-08 |
|    residual_sq_mean | 0.00935  |
|    yaw_rate_mean    | 0.117    |
| time/               |          |
|    episodes         | 4        |
|    fps              | 335      |
|    time_elapsed     | 9        |
|    total_timesteps  | 3200     |
----------------------------------
---------------------------------
| rollout/           |          |
|    ep_len_mean     | 399      |
|    ep_rew_mean     | 3.82     |
| time/              |          |
|    episodes        | 8        |
|    fps             | 335      |
|    time_elapsed    | 9        |
|    total_timesteps | 3200     |
---------------------------------
----------------------------------
| rollout/            |          |
|    ep_len_mean      | 398      |
|    ep_rew_mean      | 5.38     |
| shaping/            |          |
|    cbf_interv_mean  | 0.00827  |
|    residual_sq_mean | 0.00789  |
|    yaw_rate_mean    | 0.123    |
| time/               |          |
|    episodes         | 12       |
|    fps              | 344      |
|    time_elapsed     | 18       |
|    total_timesteps  | 6400     |
| train/              |          |
|    actor_loss       | -4.5     |
|    critic_loss      | 0.0824   |
|    ent_coef         | 0.983    |
|    ent_coef_loss    | -0.0868  |
|    learning_rate    | 0.0001   |
|    n_updates        | 174      |
----------------------------------
---------------------------------
| rollout/           |          |
|    ep_len_mean     | 398      |
|    ep_rew_mean     | 5.38     |
| time/              |          |
|    episodes        | 16       |
|    fps             | 344      |
|    time_elapsed    | 18       |
|    total_timesteps | 6400     |
---------------------------------
----------------------------------
| rollout/            |          |
|    ep_len_mean      | 398      |
|    ep_rew_mean      | 3.5      |
| shaping/            |          |
|    cbf_interv_mean  | 0.0114   |
|    residual_sq_mean | 0.00857  |
|    yaw_rate_mean    | 0.165    |
| time/               |          |
|    episodes         | 20       |
|    fps              | 289      |
|    time_elapsed     | 33       |
|    total_timesteps  | 9600     |
| train/              |          |
|    actor_loss       | -7.43    |
|    critic_loss      | 0.0572   |
|    ent_coef         | 0.944    |
|    ent_coef_loss    | -0.288   |
|    learning_rate    | 0.0001   |
|    n_updates        | 574      |
----------------------------------
---------------------------------
| rollout/           |          |
|    ep_len_mean     | 398      |
|    ep_rew_mean     | 3.5      |
| time/              |          |
|    episodes        | 24       |
|    fps             | 289      |
|    time_elapsed    | 33       |
|    total_timesteps | 9600     |
---------------------------------
----------------------------------
| rollout/            |          |
|    ep_len_mean      | 399      |
|    ep_rew_mean      | 3.68     |
| shaping/            |          |
|    cbf_interv_mean  | 2e-07    |
|    residual_sq_mean | 0.0123   |
|    yaw_rate_mean    | 0.26     |
| time/               |          |
|    episodes         | 28       |
|    fps              | 294      |
|    time_elapsed     | 43       |
|    total_timesteps  | 12800    |
| train/              |          |
|    actor_loss       | -10.4    |
|    critic_loss      | 0.0417   |
|    ent_coef         | 0.907    |
|    ent_coef_loss    | -0.489   |
|    learning_rate    | 0.0001   |
|    n_updates        | 974      |
----------------------------------
---------------------------------
| rollout/           |          |
|    ep_len_mean     | 399      |
|    ep_rew_mean     | 3.68     |
| time/              |          |
|    episodes        | 32       |
|    fps             | 294      |
|    time_elapsed    | 43       |
|    total_timesteps | 12800    |
---------------------------------
----------------------------------
| rollout/            |          |
|    ep_len_mean      | 399      |
|    ep_rew_mean      | 3.82     |
| shaping/            |          |
|    cbf_interv_mean  | 0.0165   |
|    residual_sq_mean | 0.0123   |
|    yaw_rate_mean    | 0.161    |
| time/               |          |
|    episodes         | 36       |
|    fps              | 291      |
|    time_elapsed     | 54       |
|    total_timesteps  | 16000    |
| train/              |          |
|    actor_loss       | -13.4    |
|    critic_loss      | 0.0444   |
|    ent_coef         | 0.872    |
|    ent_coef_loss    | -0.688   |
|    learning_rate    | 0.0001   |
|    n_updates        | 1374     |
----------------------------------
---------------------------------
| rollout/           |          |
|    ep_len_mean     | 399      |
|    ep_rew_mean     | 3.82     |
| time/              |          |
|    episodes        | 40       |
|    fps             | 291      |
|    time_elapsed    | 54       |
|    total_timesteps | 16000    |
---------------------------------
