[13:17:42] === 導航交棒 RUN_ID=phf_02_H domain=94 ===
[13:17:42] 範圍：真 gmpc_node；/odom 真值；/plan 本地產生（非 nav2）；**CBF 關閉**
[13:17:42] control_frequency=20.0 Hz（dt=0.0500 s）；限制值全部沿用
[13:17:42]   **PARK_HOLD**：停車伺服保持
[13:17:42]   起 sim PID=718348
[13:17:42]   等場景建起（最多 180 s）
[13:17:51]   場景已建起
[room] 零摩擦材質：支撐球 4 + 地面 2 → 綁定 6
[room] 夾持面摩擦 μs=1.0 μd=0.8 → 綁定 7／7
[room] 摩擦核對：
[13:17:51]   起 gmpc PID=719356
[13:17:57]   起 smoother PID=719873
[13:17:57]   起 smlife PID=719877
[13:17:58]   起 diag PID=719970
[13:17:59]   起 glide PID=720059
[13:18:00]   起 wholebody PID=720148
[13:18:03]   起 task PID=720376
[13:18:04] [待命] 提早起求解節點（目標由 /drawer/tcp_target 來；**無安全層**）
[13:18:04]   起 adapter PID=720466
[13:18:04]   起 solver PID=720496
[13:18:04] [任務] 發計畫、監看、備妥時要求轉移
[mission] 計畫已發：93 點，-2.714,-3.096 → -0.136,0.560
[mission] d=0.599 m ⇒ **要求轉給減速交接段**（物理步 3807，窗口 400）
[mission] d=0.576 m  v=+0.2849,-0.0093,+0.0100  → 碼 45 底盤實測速度**超出全身的速度框** —— 導航還沒把速度降進來，此刻換手第一筆命令就會越界
[mission] d=0.032 m  v=+0.0334,-0.0077,+0.0406  → 碼 0 導航交棒條件全部成立
[mission] **備妥 ⇒ 要求在物理步 5110 轉移控制權**；u_prev 來源 nav_applied
[mission] **控制權已轉移給全身** @ step 5116
[mission] 交棒完成；最後閘門 碼 0 導航交棒條件全部成立
[13:18:28] [展開] 等全身端完成展開（最多 120 s）
[wb] **取得控制權** @ sim 51.290 ⇒ 展開；起步位姿 [-0.1365, 0.5601, 1.2931]；暖機底盤來源 park_hold_servo
[wb] j3 已離開限位至 +0.2523 rad，開始走其餘各軸
[wb] **展開完成** 關節最大差 0.0073 rad、底盤 0.0002 m／+0.25°、實測最小餘裕 +0.9072 rad
[wb] 展開完成 ⇒ **保持交棒**（持續送零速率，等 /wb_vel_cmd 出現第二個發布者，最多 120 s）
[wb] **求解節點已上線**（/wb_vel_cmd 發布者 3）⇒ 交出並結束 @ sim 56.810
[wb] 展開完成
[13:18:33] [任務] 等編排節點走完全部相位（最多 900 s）
[task] 抓取深度：TCP 超過桿心 6.80 mm（設計姿態 FK 給的是 -14.69，不採用）；開到 200 mm（帶 195–205）
[task] 相位 → **ALIGN** @ sim 56.62（底盤 0.2 mm、手臂 0.0129 rad；展開完成、求解節點上線前判定）
[task] 求解節點已上線 @ sim 56.93 ⇒ 恢復推進
[task] 接觸前位姿到達 ⇒ 開始收退讓量
[task] 相位 ALIGN → **ENGAGE_WAIT** @ sim 60.80  開度    0.0 mm  
[task] 到位 0.49 mm ⇒ 閉合手指
[task] **夾持成立** 逐物理步連續 2.040 s；接觸 5.28／4.35 N
[task] 相位 ENGAGE_WAIT → **OPEN** @ sim 64.81  開度    0.1 mm  
[task] 相位 OPEN → **OPEN_HOLD** @ sim 74.95  開度  196.0 mm  
[task] 相位 OPEN_HOLD → **CLOSE** @ sim 77.12  開度  200.1 mm  
[task] 相位 CLOSE → **CLOSE_HOLD** @ sim 87.59  開度    4.3 mm  
[task] 相位 CLOSE_HOLD → **RELEASE_WAIT** @ sim 89.71  開度    0.2 mm  
[task] 相位 RELEASE_WAIT → **RETREAT** @ sim 90.48  開度    0.3 mm  
[task] 相位 RETREAT → **RESTOW** @ sim 91.32  開度    0.3 mm  
[task] 相位 RESTOW → **HANDBACK_WAIT** @ sim 97.61  開度    0.3 mm  
[task] 請求交還導航 @ 物理步 9764
[task] 相位 HANDBACK_WAIT → **NAVIGATE_HOME** @ sim 97.69  開度    0.3 mm  
[task] 回起點計畫已發：93 點
[task] 相位 NAVIGATE_HOME → **DONE** @ sim 116.58  開度    0.3 mm  
[task] **完成** @ sim 116.58
[task] 結束；最終相位 DONE
[13:19:17] [收尾] 等求解節點停止並封存（最多 30 s）
[13:19:17]   求解節點已停止並寫出 align_solver.json
[13:19:17] [收尾] 停止後保留物理 3 s（牆鐘）供核對執行端減速
[13:19:20] [收尾] 請模擬器受控停止並封存
publisher: beginning loop
publishing #1: std_msgs.msg.String(data='導航交棒與展開已結束，請封存')

[13:19:22]   封存完成 2418016 bytes
[13:19:22] === 結束 rc=0 ===
[13:19:22] cleanup（只針對本趟 PID）
