[12:18:44] === 導航交棒 RUN_ID=pf_func_F domain=94 ===
[12:18:44] 範圍：真 gmpc_node；/odom 真值；/plan 本地產生（非 nav2）；**CBF 關閉**
[12:18:44] control_frequency=20.0 Hz（dt=0.0500 s）；限制值全部沿用
[12:18:45]   **PARK_FIXED**：固定底盤操作
[12:18:45]   起 sim PID=614203
[12:18:45]   等場景建起（最多 180 s）
[12:18:54]   場景已建起
[room] 零摩擦材質：支撐球 4 + 地面 2 → 綁定 6
[room] 夾持面摩擦 μs=1.0 μd=0.8 → 綁定 7／7
[room] 摩擦核對：
[12:18:54]   起 gmpc PID=615425
[12:19:00]   起 smoother PID=615972
[12:19:00]   起 smlife PID=615976
[12:19:01]   起 diag PID=616089
[12:19:02]   起 glide PID=616155
[12:19:03]   起 wholebody PID=616246
[12:19:06]   起 task PID=616473
[12:19:07] [待命] 提早起求解節點（目標由 /drawer/tcp_target 來；**無安全層**）
[12:19:07]   起 adapter PID=616543
[12:19:07]   起 solver PID=616571
[12:19:07] [任務] 發計畫、監看、備妥時要求轉移
[mission] 計畫已發：93 點，-2.707,-3.088 → -0.136,0.560
[mission] d=0.599 m ⇒ **要求轉給減速交接段**（物理步 3275，窗口 400）
[mission] d=0.566 m  v=+0.2849,-0.0093,+0.0100  → 碼 45 底盤實測速度**超出全身的速度框** —— 導航還沒把速度降進來，此刻換手第一筆命令就會越界
[mission] d=0.032 m  v=+0.0343,-0.0078,+0.0412  → 碼 0 導航交棒條件全部成立
[mission] **備妥 ⇒ 要求在物理步 4573 轉移控制權**；u_prev 來源 nav_applied
[mission] **控制權已轉移給全身** @ step 4574
[mission] 交棒完成；最後閘門 碼 0 導航交棒條件全部成立
[12:19:31] [展開] 等全身端完成展開（最多 120 s）
[wb] 暖機：送「維持實測底盤速度、手臂零速率」
[wb] **取得控制權** @ sim 45.900 ⇒ 展開；起步位姿 [-0.1365, 0.5601, 1.2928]；暖機底盤來源 park_fixed_zero
[wb] j3 已離開限位至 +0.2554 rad，開始走其餘各軸
[wb] 收到 PARK_FIXED 違規 ⇒ 停止發布：{'step': 4724, 't': 47.25999894365668, 'phase': 'wholebody_applied', 'why': 'v_lin 0.001256 > 0.001'}
[wb] **停在 PARK_VIOLATION**
[12:19:33] [任務] 等編排節點走完全部相位（最多 900 s）
[task] 抓取深度：TCP 超過桿心 6.80 mm（設計姿態 FK 給的是 -14.69，不採用）；開到 200 mm（帶 195–205）
[task] **中止：park_fixed_violation：v_lin 0.001256 > 0.001** @ sim 47.269998943433166 相位 NAVIGATE
[task] 結束；最終相位 NAVIGATE；中止 park_fixed_violation：v_lin 0.001256 > 0.001
[12:19:33] [收尾] 等求解節點停止並封存（最多 30 s）
[12:19:33]   求解節點已停止並寫出 align_solver.json
[12:19:33] [收尾] 停止後保留物理 3 s（牆鐘）供核對執行端減速
[12:19:36] [收尾] 請模擬器受控停止並封存
Waiting for at least 1 matching subscription(s)...
publisher: beginning loop
publishing #1: std_msgs.msg.String(data='導航交棒與展開已結束，請封存')

[12:19:37]   封存完成 2155802 bytes
[12:19:37] === 結束 rc=0 ===
[12:19:37] cleanup（只針對本趟 PID）
