[17:21:12] === 導航交棒 RUN_ID=motm_172100 domain=112 ===
[17:21:12] 範圍：真 gmpc_node；/odom 真值；/plan 本地產生（非 nav2）；**CBF 關閉**
[17:21:12] control_frequency=20.0 Hz（dt=0.0500 s）；限制值全部沿用
[17:21:12]   起 sim PID=295800
[17:21:12]   等場景建起（最多 180 s）
[17:21:21]   場景已建起
[room] 零摩擦材質：支撐球 4 + 地面 2 → 綁定 6
[room] 夾持面摩擦 μs=1.0 μd=0.8 → 綁定 7／7
[room] 摩擦核對：
[17:21:21]   起 gmpc PID=296595
[17:21:27]   起 smoother PID=296920
[17:21:27]   起 smlife PID=296924
[17:21:32]   起 diag PID=297218
[17:21:33]   起 glide PID=297291
[17:21:34]   起 wholebody PID=297368
[17:21:37]   起 task PID=297529
[17:21:38] [待命] 提早起求解節點（目標由 /drawer/tcp_target 來；**無安全層**）
[17:21:38]   起 adapter PID=297609
[17:21:38]   起 solver PID=297633
[17:21:38] [任務] 發計畫、監看、備妥時要求轉移
[mission] 計畫已發：93 點，-2.791,-3.184 → -0.136,0.560
[mission] d=0.600 m ⇒ **要求轉給減速交接段**（物理步 4187，窗口 400）
[mission] d=0.572 m  v=+0.2774,-0.0083,+0.0300  → 碼 45 底盤實測速度**超出全身的速度框** —— 導航還沒把速度降進來，此刻換手第一筆命令就會越界
[mission] d=0.185 m  v=+0.0316,-0.0065,+0.0637  → 碼 0 導航交棒條件全部成立
[mission] **備妥 ⇒ 要求在物理步 4350 轉移控制權**；u_prev 來源 nav_applied
[mission] **控制權已轉移給全身** @ step 4352
[mission] 交棒完成；最後閘門 碼 0 導航交棒條件全部成立
[17:21:53] [展開] 等全身端完成展開（最多 120 s）
[wb] **取得控制權** @ sim 43.610 ⇒ 展開；起步位姿 [-0.249, 0.4158, 1.1119]；暖機底盤來源 nav_applied
[wb] j3 已離開限位至 +0.2692 rad，開始走其餘各軸
[wb] **展開完成** 關節最大差 0.0174 rad、底盤 0.0253 m／-0.00°、實測最小餘裕 +0.9042 rad
[wb] 展開完成 ⇒ **保持交棒**（持續送零速率，等 /wb_vel_cmd 出現第二個發布者，最多 120 s）
[wb] **求解節點已上線**（/wb_vel_cmd 發布者 3）⇒ 交出並結束 @ sim 51.450
[wb] 展開完成
[17:22:00] [任務] 等編排節點走完全部相位（最多 900 s）
[task] 抓取深度：TCP 超過桿心 6.80 mm（設計姿態 FK 給的是 -14.69，不採用）；開到 200 mm（帶 195–205）
[task] 相位 → **ALIGN** @ sim 51.40（底盤 25.1 mm、手臂 0.0186 rad；展開完成、求解節點上線前判定）
[task] 求解節點已上線 @ sim 51.60 ⇒ 恢復推進
[task] 接觸前位姿到達 ⇒ 開始收退讓量
[task] 相位 ALIGN → **ENGAGE_WAIT** @ sim 59.54  開度    0.0 mm  
[task] 到位 0.44 mm ⇒ 閉合手指
[task] MotM 名目姿態：手臂收回 60 mm（IK 殘差 0.000 mm）
[task] **夾持成立** 逐物理步連續 2.010 s；接觸 5.16／4.59 N
[task] 相位 ENGAGE_WAIT → **OPEN** @ sim 63.31  開度    0.1 mm  
[task] 相位 OPEN → **OPEN_HOLD** @ sim 71.85  開度  196.6 mm  
[task] 相位 OPEN_HOLD → **CLOSE** @ sim 74.01  開度  201.2 mm  
[task] 相位 CLOSE → **CLOSE_HOLD** @ sim 82.68  開度    3.7 mm  
[task] 相位 CLOSE_HOLD → **RELEASE_WAIT** @ sim 85.09  開度    0.3 mm  
[task] 相位 RELEASE_WAIT → **RETREAT** @ sim 85.89  開度    0.3 mm  
[task] 相位 RETREAT → **RESTOW** @ sim 88.02  開度    0.3 mm  
[task] 回起點計畫提早發（收臂中）：93 點
[task] 相位 RESTOW → **HANDBACK_WAIT** @ sim 94.50  開度    0.3 mm  
[task] 請求交還導航 @ 物理步 9453
[task] 相位 HANDBACK_WAIT → **NAVIGATE_HOME** @ sim 94.59  開度    0.3 mm  
[task] 相位 NAVIGATE_HOME → **DONE** @ sim 113.04  開度    0.3 mm  
[task] **完成** @ sim 113.04
[task] 結束；最終相位 DONE
[17:22:47] [收尾] 請模擬器受控停止並封存
publisher: beginning loop
publishing #1: std_msgs.msg.String(data='導航交棒與展開已結束，請封存')

[17:22:48]   封存完成 2459083 bytes
[17:22:48] === 結束 rc=0 ===
[17:22:48] cleanup（只針對本趟 PID）
