[06:01:47] === 導航交棒 RUN_ID=wg4b_t2_k200_B domain=94 ===
[06:01:47] 範圍：真 gmpc_node；/odom 真值；/plan 本地產生（非 nav2）；**CBF 關閉**
[06:01:47] control_frequency=20.0 Hz（dt=0.0500 s）；限制值全部沿用
[06:01:47]   起 sim PID=388602
[06:01:47]   等場景建起（最多 180 s）
[06:01:57]   場景已建起
[room] 零摩擦材質：支撐球 4 + 地面 2 → 綁定 6
[room] 夾持面摩擦 μs=1.0 μd=0.8 → 綁定 7／7
[room] 摩擦核對：
[06:01:57]   起 gmpc PID=389913
[06:02:03]   起 smoother PID=390278
[06:02:03]   起 smlife PID=390282
[06:02:04]   起 diag PID=390374
[06:02:05]   起 glide PID=390463
[06:02:06]   起 wholebody PID=390550
[06:02:09]   起 task PID=390776
[06:02:10] [待命] 提早起求解節點（目標由 /drawer/tcp_target 來；**無安全層**）
[06:02:10]   起 adapter PID=390867
[06:02:10]   起 solver PID=390894
[06:02:10] [任務] 發計畫、監看、備妥時要求轉移
[mission] 計畫已發：93 點，-2.709,-3.092 → -0.136,0.560
[mission] d=0.597 m ⇒ **要求轉給減速交接段**（物理步 3551，窗口 400）
[mission] d=0.580 m  v=+0.2774,-0.0082,+0.0100  → 碼 45 底盤實測速度**超出全身的速度框** —— 導航還沒把速度降進來，此刻換手第一筆命令就會越界
[mission] d=0.237 m  v=+0.0298,-0.0047,+0.0633  → 碼 0 導航交棒條件全部成立
[mission] **備妥 ⇒ 要求在物理步 3698 轉移控制權**；u_prev 來源 nav_applied
[mission] **控制權已轉移給全身** @ step 3700
[mission] 交棒完成；最後閘門 碼 0 導航交棒條件全部成立
[06:02:23] [展開] 等全身端完成展開（最多 120 s）
[wb] **取得控制權** @ sim 37.140 ⇒ 展開；起步位姿 [-0.2736, 0.3701, 1.1001]；暖機底盤來源 nav_applied
[wb] j3 已離開限位至 +0.2557 rad，開始走其餘各軸
[wb] **展開完成** 關節最大差 0.0105 rad、底盤 0.0672 m／+0.02°、實測最小餘裕 +0.9072 rad
[wb] 展開完成 ⇒ **保持交棒**（持續送零速率，等 /wb_vel_cmd 出現第二個發布者，最多 120 s）
[wb] **求解節點已上線**（/wb_vel_cmd 發布者 3）⇒ 交出並結束 @ sim 42.710
[wb] 展開完成
[06:02:28] [任務] 等編排節點走完全部相位（最多 900 s）
[task] 抓取深度：TCP 超過桿心 6.80 mm（設計姿態 FK 給的是 -14.69，不採用）；開到 200 mm（帶 195–205）
[task] 相位 → **ALIGN** @ sim 42.60（底盤 68.2 mm、手臂 0.0198 rad；展開完成、求解節點上線前判定）
[task] 求解節點已上線 @ sim 42.81 ⇒ 恢復推進
[task] 接觸前位姿到達 ⇒ 開始收退讓量
[task] 相位 ALIGN → **ENGAGE_WAIT** @ sim 49.46  開度    0.0 mm  
[task] 到位 0.66 mm ⇒ 閉合手指
[task] MotM 名目姿態：手臂收回 60 mm（IK 殘差 0.000 mm）
[task] **夾持成立** 逐物理步連續 2.040 s；接觸 5.27／4.52 N
[task] 相位 ENGAGE_WAIT → **OPEN** @ sim 53.54  開度   -0.0 mm  
[task] 相位 OPEN → **OPEN_HOLD** @ sim 62.20  開度  195.8 mm  
[task] 結束；最終相位 OPEN_HOLD
[06:17:13] [收尾] 等求解節點停止並封存（最多 30 s）
[06:17:13]   求解節點已停止並寫出 align_solver.json
[06:17:13] [收尾] 停止後保留物理 3 s（牆鐘）供核對執行端減速
[06:17:16] [收尾] 請模擬器受控停止並封存
Waiting for at least 1 matching subscription(s)...
Waiting for at least 1 matching subscription(s)...
Waiting for at least 1 matching subscription(s)...
Waiting for at least 1 matching subscription(s)...
Waiting for at least 1 matching subscription(s)...
Waiting for at least 1 matching subscription(s)...
Waiting for at least 1 matching subscription(s)...
Waiting for at least 1 matching subscription(s)...
Waiting for at least 1 matching subscription(s)...
Waiting for at least 1 matching subscription(s)...
failed to get subscription count: publisher's context is invalid, at ./src/rcl/publisher.c:423
[06:17:26]   封存完成 18743753 bytes
[06:17:26] === 結束 rc=0 ===
[06:17:26] cleanup（只針對本趟 PID）
