[13:22:59] === 導航交棒 RUN_ID=phf_05_M domain=94 ===
[13:22:59] 範圍：真 gmpc_node；/odom 真值；/plan 本地產生（非 nav2）；**CBF 關閉**
[13:22:59] control_frequency=20.0 Hz（dt=0.0500 s）；限制值全部沿用
[13:22:59]   起 sim PID=744232
[13:22:59]   等場景建起（最多 180 s）
[13:23:08]   場景已建起
[room] 零摩擦材質：支撐球 4 + 地面 2 → 綁定 6
[room] 夾持面摩擦 μs=1.0 μd=0.8 → 綁定 7／7
[room] 摩擦核對：
[13:23:08]   起 gmpc PID=745386
[13:23:14]   起 smoother PID=745751
[13:23:14]   起 smlife PID=745755
[13:23:15]   起 diag PID=745850
[13:23:16]   起 glide PID=745937
[13:23:17]   起 wholebody PID=746027
[13:23:20]   起 task PID=746259
[13:23:21] [待命] 提早起求解節點（目標由 /drawer/tcp_target 來；**無安全層**）
[13:23:21]   起 adapter PID=746353
[13:23:21]   起 solver PID=746383
[13:23:21] [任務] 發計畫、監看、備妥時要求轉移
[mission] 計畫已發：93 點，-2.719,-3.103 → -0.136,0.560
[mission] d=0.599 m ⇒ **要求轉給減速交接段**（物理步 3579，窗口 400）
[mission] d=0.560 m  v=+0.2774,-0.0082,+0.0100  → 碼 45 底盤實測速度**超出全身的速度框** —— 導航還沒把速度降進來，此刻換手第一筆命令就會越界
[mission] d=0.238 m  v=+0.0297,-0.0044,+0.0661  → 碼 0 導航交棒條件全部成立
[mission] **備妥 ⇒ 要求在物理步 3724 轉移控制權**；u_prev 來源 nav_applied
[mission] **控制權已轉移給全身** @ step 3726
[mission] 交棒完成；最後閘門 碼 0 導航交棒條件全部成立
[13:23:36] [展開] 等全身端完成展開（最多 120 s）
[wb] **取得控制權** @ sim 37.340 ⇒ 展開；起步位姿 [-0.2747, 0.3689, 1.0925]；暖機底盤來源 nav_applied
[wb] j3 已離開限位至 +0.2567 rad，開始走其餘各軸
[wb] **展開完成** 關節最大差 0.0163 rad、底盤 0.0705 m／+0.03°、實測最小餘裕 +0.9072 rad
[wb] 展開完成 ⇒ **保持交棒**（持續送零速率，等 /wb_vel_cmd 出現第二個發布者，最多 120 s）
[wb] **求解節點已上線**（/wb_vel_cmd 發布者 3）⇒ 交出並結束 @ sim 42.860
[wb] 展開完成
[13:23:41] [任務] 等編排節點走完全部相位（最多 900 s）
[task] 抓取深度：TCP 超過桿心 6.80 mm（設計姿態 FK 給的是 -14.69，不採用）；開到 200 mm（帶 195–205）
[task] 相位 → **ALIGN** @ sim 42.83（底盤 70.0 mm、手臂 0.0163 rad；展開完成、求解節點上線前判定）
[task] 求解節點已上線 @ sim 43.04 ⇒ 恢復推進
[task] 接觸前位姿到達 ⇒ 開始收退讓量
[task] 相位 ALIGN → **ENGAGE_WAIT** @ sim 48.99  開度    0.0 mm  
[task] 到位 0.22 mm ⇒ 閉合手指
[task] MotM 名目姿態：手臂收回 60 mm（IK 殘差 0.000 mm）
[task] **夾持成立** 逐物理步連續 2.030 s；接觸 5.09／4.65 N
[task] 相位 ENGAGE_WAIT → **OPEN** @ sim 52.83  開度    0.1 mm  
[task] 相位 OPEN → **OPEN_HOLD** @ sim 61.52  開度  196.4 mm  
[task] 相位 OPEN_HOLD → **CLOSE** @ sim 63.64  開度  201.3 mm  
[task] 相位 CLOSE → **CLOSE_HOLD** @ sim 72.37  開度    3.9 mm  
[task] 相位 CLOSE_HOLD → **RELEASE_WAIT** @ sim 74.50  開度   -0.0 mm  
[task] 相位 RELEASE_WAIT → **RETREAT** @ sim 75.28  開度    0.0 mm  
[task] 相位 RETREAT → **RESTOW** @ sim 76.35  開度    0.0 mm  
[task] 回起點計畫提早發（收臂中）：93 點
[task] 相位 RESTOW → **HANDBACK_WAIT** @ sim 82.68  開度    0.0 mm  
[task] 請求交還導航 @ 物理步 8271
[task] 相位 HANDBACK_WAIT → **NAVIGATE_HOME** @ sim 82.76  開度    0.0 mm  
[task] 相位 NAVIGATE_HOME → **DONE** @ sim 101.20  開度    0.0 mm  
[task] **完成** @ sim 101.20
[task] 結束；最終相位 DONE
[13:24:24] [收尾] 等求解節點停止並封存（最多 30 s）
[13:24:24]   求解節點已停止並寫出 align_solver.json
[13:24:24] [收尾] 停止後保留物理 3 s（牆鐘）供核對執行端減速
[13:24:27] [收尾] 請模擬器受控停止並封存
Waiting for at least 1 matching subscription(s)...
Waiting for at least 1 matching subscription(s)...
publisher: beginning loop
publishing #1: std_msgs.msg.String(data='導航交棒與展開已結束，請封存')

[13:24:30]   封存完成 2295293 bytes
[13:24:30] === 結束 rc=0 ===
[13:24:30] cleanup（只針對本趟 PID）
